// Jest Snapshot v1, https://goo.gl/fbAQLP

exports[`CryptoCard Component renders CryptoCard correctly (snapshot) 1`] = `
<DocumentFragment>
  <div
    class="MuiGrid2-root MuiGrid2-direction-xs-row MuiGrid2-grid-xs-12 MuiGrid2-grid-sm-6 MuiGrid2-grid-md-4 MuiGrid2-grid-lg-3 css-bz5kom-MuiGrid2-root"
  >
    <div
      class="MuiPaper-root MuiPaper-elevation MuiPaper-rounded MuiPaper-elevation1 MuiCard-root css-1j74uew-MuiPaper-root-MuiCard-root"
      style="--Paper-shadow: 0px 2px 1px -1px rgba(0,0,0,0.2),0px 1px 1px 0px rgba(0,0,0,0.14),0px 1px 3px 0px rgba(0,0,0,0.12);"
    >
      <a
        class="MuiCardHeader-root css-2vrjko-MuiCardHeader-root"
        data-discover="true"
        href="/crypto/bitcoin"
      >
        <div
          class="MuiCardHeader-avatar css-1r9wl67-MuiCardHeader-avatar"
        >
          <div
            class="MuiAvatar-root MuiAvatar-circular css-ci7oj7-MuiAvatar-root"
          >
            <img
              alt="Bitcoin"
              class="MuiAvatar-img css-1su80sj-MuiAvatar-img"
              src="https://example.com/bitcoin.png"
            />
          </div>
        </div>
        <div
          class="MuiCardHeader-content css-1jkp9bu-MuiCardHeader-content"
        >
          <span
            class="MuiTypography-root MuiTypography-body2 MuiCardHeader-title css-7ctihp-MuiTypography-root"
          >
            <div
              class="MuiBox-root css-1lekzkb"
            >
              <p
                class="MuiTypography-root MuiTypography-body1 css-lhsbas-MuiTypography-root"
              >
                BTC
              </p>
              <p
                class="MuiTypography-root MuiTypography-body1 css-pvlz4o-MuiTypography-root"
              >
                +2.50%
              </p>
            </div>
          </span>
          <h6
            class="MuiTypography-root MuiTypography-subtitle2 MuiTypography-noWrap css-14ggmo7-MuiTypography-root"
          >
            Bitcoin
          </h6>
        </div>
      </a>
      <div
        class="MuiCardActions-root MuiCardActions-spacing css-1q4nm6f-MuiCardActions-root"
      >
        <div
          class="MuiBox-root css-1kms82h"
        >
          <button
            class="MuiButtonBase-root MuiButton-root MuiButton-text MuiButton-textPrimary MuiButton-sizeSmall MuiButton-textSizeSmall MuiButton-colorPrimary MuiButton-root MuiButton-text MuiButton-textPrimary MuiButton-sizeSmall MuiButton-textSizeSmall MuiButton-colorPrimary css-1ccsd5i-MuiButtonBase-root-MuiButton-root"
            tabindex="0"
            type="button"
          >
            Add BTC
          </button>
          <p
            class="MuiTypography-root MuiTypography-body1 css-lhsbas-MuiTypography-root"
          >
            $50,000.00
          </p>
        </div>
      </div>
    </div>
  </div>
</DocumentFragment>
`;
